// Jest Snapshot v1, https://goo.gl/fbAQLP

exports[`FyCard should render component and match snapshot 1`] = `<div class="v-card v-sheet theme--light elevation-0"></div>`;
