// Jest Snapshot v1, https://goo.gl/fbAQLP

exports[`FyCardForm should render component and match snapshot 1`] = `<div class="fy-card-form pa-0 pa-md-4 v-card v-sheet theme--light elevation-0"></div>`;
