// Jest Snapshot v1, https://goo.gl/fbAQLP

exports[`FyAvatar should render component and match snapshot 1`] = `<div class="v-avatar" style="height: 48px; min-width: 48px; width: 48px;"></div>`;
