// Jest Snapshot v1, https://goo.gl/fbAQLP

exports[`FyDialog.ts should render component and match snapshot 1`] = `
<div class="v-dialog__container" config="[object Object]">
  <!---->
</div>
`;
