// Jest Snapshot v1, https://goo.gl/fbAQLP

exports[`FyAutocomplete should render component and match snapshot 1`] = `
<div class="v-input v-input--dense theme--light v-text-field v-text-field--enclosed v-text-field--outlined v-select v-autocomplete">
  <div class="v-input__control">
    <div role="combobox" aria-haspopup="listbox" aria-expanded="false" aria-owns="list-2" class="v-input__slot">
      <fieldset aria-hidden="true">
        <legend style="width: 0px;"><span class="notranslate">â€‹</span></legend>
      </fieldset>
      <div class="v-select__slot"><input id="input-2" type="text" autocomplete="off">
        <div class="v-input__append-inner">
          <div class="v-input__icon v-input__icon--append"><i aria-hidden="true" class="v-icon notranslate mdi mdi-menu-down theme--light"></i></div>
        </div><input type="hidden">
      </div>
      <div class="v-menu">
        <!---->
      </div>
    </div>
    <div class="v-text-field__details">
      <div class="v-messages theme--light">
        <transition-group-stub tag="div" name="message-transition" class="v-messages__wrapper"></transition-group-stub>
      </div>
    </div>
  </div>
</div>
`;
