// Jest Snapshot v1, https://goo.gl/fbAQLP

exports[`FyFilter.ts should render component and match snapshot 1`] = `
<div class="filter-wrapper v-card v-sheet theme--light elevation-0">
  <!---->
  <div class="v-card__text">
    <div class="row row--dense">
      <div class="text-left col-md-9 col"></div>
      <div class="text-right col-md-3 col">
        <!----> <button type="button" disabled="disabled" class="ml-5 v-btn v-btn--disabled v-btn--outlined theme--light v-size--default" data-test="btn-filter" color="primary" outlined=""><span class="v-btn__content"><i aria-hidden="true" class="v-icon notranslate mdi mdi-filter theme--light"></i> <span style="text-transform: capitalize;"> Filtrar </span></span></button>
      </div>
    </div>
  </div>
</div>
`;
