// Jest Snapshot v1, https://goo.gl/fbAQLP

exports[`FyInput.ts should render component and match snapshot 1`] = `
<div class="v-input v-input--dense theme--light v-text-field v-text-field--enclosed v-text-field--outlined">
  <div class="v-input__control">
    <div class="v-input__slot">
      <fieldset aria-hidden="true">
        <legend style="width: 0px;"><span class="notranslate">â€‹</span></legend>
      </fieldset>
      <div class="v-text-field__slot"><input id="input-2" type="text"></div>
    </div>
    <div class="v-text-field__details">
      <div class="v-messages theme--light">
        <transition-group-stub tag="div" name="message-transition" class="v-messages__wrapper"></transition-group-stub>
      </div>
    </div>
  </div>
</div>
`;
