// Jest Snapshot v1, https://goo.gl/fbAQLP

exports[`FyInputCurrency.ts should render component and match snapshot 1`] = `
<div class="v-input v-input--dense theme--light v-text-field v-text-field--enclosed v-text-field--outlined" maxlength="24" type="R$ " decimal="," thousands="." precision="2">
  <div class="v-input__control">
    <div class="v-input__slot">
      <fieldset aria-hidden="true">
        <legend style="width: 0px;"><span class="notranslate">â€‹</span></legend>
      </fieldset>
      <div class="v-text-field__slot"><input data-test="input" maxlength="24" decimal="," thousands="." precision="2" id="input-3" type="R$ "></div>
    </div>
    <div class="v-text-field__details">
      <div class="v-messages theme--light">
        <transition-group-stub tag="div" name="message-transition" class="v-messages__wrapper"></transition-group-stub>
      </div>
    </div>
  </div>
</div>
`;
