// Jest Snapshot v1, https://goo.gl/fbAQLP

exports[`FyInputCpf.ts should render component and match snapshot 1`] = `
<div class="v-input v-input--dense theme--light v-text-field v-text-field--enclosed v-text-field--outlined" value="" rules="(value) => {
          /* istanbul ignore next */
          cov_2m1k0a9qbu.f[2]++;
          cov_2m1k0a9qbu.s[9]++;
          return (
            /* istanbul ignore next */
            (cov_2m1k0a9qbu.b[1][0]++, value.length === 14) ||
            /* istanbul ignore next */
            (cov_2m1k0a9qbu.b[1][1]++, 'O campo Cpf deve conter 11 números')
          );
        }">
  <div class="v-input__control">
    <div class="v-input__slot">
      <fieldset aria-hidden="true">
        <legend style="width: 0px;"><span class="notranslate">​</span></legend>
      </fieldset>
      <div class="v-text-field__slot"><input data-test="input" id="input-3" type="text"></div>
    </div>
    <div class="v-text-field__details">
      <div class="v-messages theme--light">
        <transition-group-stub tag="div" name="message-transition" class="v-messages__wrapper"></transition-group-stub>
      </div>
    </div>
  </div>
</div>
`;
