// Jest Snapshot v1, https://goo.gl/fbAQLP

exports[`FyInputTime.ts should render component and match snapshot 1`] = `
<div class="v-input v-input--dense theme--light v-text-field v-text-field--enclosed v-text-field--outlined" value="" rules="(value) => {
            /* istanbul ignore next */
            cov_jcetl8oz9.f[2]++;
            const nValue =
            /* istanbul ignore next */
            (cov_jcetl8oz9.s[9]++, value.split(':'));
            let msg =
            /* istanbul ignore next */
            (cov_jcetl8oz9.s[10]++, '');

            /* istanbul ignore next */
            cov_jcetl8oz9.s[11]++;

            if (Number(nValue[0]) > 23) {
              /* istanbul ignore next */
              cov_jcetl8oz9.b[0][0]++;
              cov_jcetl8oz9.s[12]++;
              msg = 'Hora inválida';
            } else
            /* istanbul ignore next */
            {
              cov_jcetl8oz9.b[0][1]++;
            }

            cov_jcetl8oz9.s[13]++;

            if (Number(nValue[1]) > 59) {
              /* istanbul ignore next */
              cov_jcetl8oz9.b[1][0]++;
              cov_jcetl8oz9.s[14]++;
              msg = 'Minutos inválidos';
            } else
            /* istanbul ignore next */
            {
              cov_jcetl8oz9.b[1][1]++;
            }

            cov_jcetl8oz9.s[15]++;

            if (
            /* istanbul ignore next */
            (cov_jcetl8oz9.b[3][0]++, Number(nValue[0]) > 31) &amp;&amp;
            /* istanbul ignore next */
            (cov_jcetl8oz9.b[3][1]++, Number(nValue[1]) > 12)) {
              /* istanbul ignore next */
              cov_jcetl8oz9.b[2][0]++;
              cov_jcetl8oz9.s[16]++;
              msg = 'Hora e minitos inválidos';
            } else
            /* istanbul ignore next */
            {
              cov_jcetl8oz9.b[2][1]++;
            }

            cov_jcetl8oz9.s[17]++;

            if (!msg) {
              /* istanbul ignore next */
              cov_jcetl8oz9.b[4][0]++;
              cov_jcetl8oz9.s[18]++;
              return true;
            } else
            /* istanbul ignore next */
            {
              cov_jcetl8oz9.b[4][1]++;
            }

            cov_jcetl8oz9.s[19]++;
            return msg;
          }" timerule="(value) => {
            /* istanbul ignore next */
            cov_jcetl8oz9.f[2]++;
            const nValue =
            /* istanbul ignore next */
            (cov_jcetl8oz9.s[9]++, value.split(':'));
            let msg =
            /* istanbul ignore next */
            (cov_jcetl8oz9.s[10]++, '');

            /* istanbul ignore next */
            cov_jcetl8oz9.s[11]++;

            if (Number(nValue[0]) > 23) {
              /* istanbul ignore next */
              cov_jcetl8oz9.b[0][0]++;
              cov_jcetl8oz9.s[12]++;
              msg = 'Hora inválida';
            } else
            /* istanbul ignore next */
            {
              cov_jcetl8oz9.b[0][1]++;
            }

            cov_jcetl8oz9.s[13]++;

            if (Number(nValue[1]) > 59) {
              /* istanbul ignore next */
              cov_jcetl8oz9.b[1][0]++;
              cov_jcetl8oz9.s[14]++;
              msg = 'Minutos inválidos';
            } else
            /* istanbul ignore next */
            {
              cov_jcetl8oz9.b[1][1]++;
            }

            cov_jcetl8oz9.s[15]++;

            if (
            /* istanbul ignore next */
            (cov_jcetl8oz9.b[3][0]++, Number(nValue[0]) > 31) &amp;&amp;
            /* istanbul ignore next */
            (cov_jcetl8oz9.b[3][1]++, Number(nValue[1]) > 12)) {
              /* istanbul ignore next */
              cov_jcetl8oz9.b[2][0]++;
              cov_jcetl8oz9.s[16]++;
              msg = 'Hora e minitos inválidos';
            } else
            /* istanbul ignore next */
            {
              cov_jcetl8oz9.b[2][1]++;
            }

            cov_jcetl8oz9.s[17]++;

            if (!msg) {
              /* istanbul ignore next */
              cov_jcetl8oz9.b[4][0]++;
              cov_jcetl8oz9.s[18]++;
              return true;
            } else
            /* istanbul ignore next */
            {
              cov_jcetl8oz9.b[4][1]++;
            }

            cov_jcetl8oz9.s[19]++;
            return msg;
          }">
  <div class="v-input__control">
    <div class="v-input__slot">
      <fieldset aria-hidden="true">
        <legend style="width: 0px;"><span class="notranslate">​</span></legend>
      </fieldset>
      <div class="v-text-field__slot"><input data-test="input" timerule="(value) => {
            /* istanbul ignore next */
            cov_jcetl8oz9.f[2]++;
            const nValue =
            /* istanbul ignore next */
            (cov_jcetl8oz9.s[9]++, value.split(':'));
            let msg =
            /* istanbul ignore next */
            (cov_jcetl8oz9.s[10]++, '');

            /* istanbul ignore next */
            cov_jcetl8oz9.s[11]++;

            if (Number(nValue[0]) > 23) {
              /* istanbul ignore next */
              cov_jcetl8oz9.b[0][0]++;
              cov_jcetl8oz9.s[12]++;
              msg = 'Hora inválida';
            } else
            /* istanbul ignore next */
            {
              cov_jcetl8oz9.b[0][1]++;
            }

            cov_jcetl8oz9.s[13]++;

            if (Number(nValue[1]) > 59) {
              /* istanbul ignore next */
              cov_jcetl8oz9.b[1][0]++;
              cov_jcetl8oz9.s[14]++;
              msg = 'Minutos inválidos';
            } else
            /* istanbul ignore next */
            {
              cov_jcetl8oz9.b[1][1]++;
            }

            cov_jcetl8oz9.s[15]++;

            if (
            /* istanbul ignore next */
            (cov_jcetl8oz9.b[3][0]++, Number(nValue[0]) > 31) &amp;&amp;
            /* istanbul ignore next */
            (cov_jcetl8oz9.b[3][1]++, Number(nValue[1]) > 12)) {
              /* istanbul ignore next */
              cov_jcetl8oz9.b[2][0]++;
              cov_jcetl8oz9.s[16]++;
              msg = 'Hora e minitos inválidos';
            } else
            /* istanbul ignore next */
            {
              cov_jcetl8oz9.b[2][1]++;
            }

            cov_jcetl8oz9.s[17]++;

            if (!msg) {
              /* istanbul ignore next */
              cov_jcetl8oz9.b[4][0]++;
              cov_jcetl8oz9.s[18]++;
              return true;
            } else
            /* istanbul ignore next */
            {
              cov_jcetl8oz9.b[4][1]++;
            }

            cov_jcetl8oz9.s[19]++;
            return msg;
          }" id="input-3" type="text"></div>
    </div>
    <div class="v-text-field__details">
      <div class="v-messages theme--light">
        <transition-group-stub tag="div" name="message-transition" class="v-messages__wrapper"></transition-group-stub>
      </div>
    </div>
  </div>
</div>
`;
