// Jest Snapshot v1, https://goo.gl/fbAQLP

exports[`FyNotificationBar.ts should render component and match snapshot 1`] = `
<div class="fy-notication-bar">
  <div class="v-menu"><button type="button" class="v-btn v-btn--icon v-btn--round theme--light elevation-0 v-size--default" primary="" icon=""><span class="v-btn__content"><i aria-hidden="true" class="v-icon notranslate mdi mdi-bell theme--light"></i></span></button>
    <!---->
  </div>
</div>
`;
