// Jest Snapshot v1, https://goo.gl/fbAQLP

exports[`FyButton should render component and match snapshot 1`] = `<button type="button" class="v-btn v-btn--has-bg theme--light elevation-0 v-size--default" style="min-height: 40px;" data-test="btn"><span class="v-btn__content"></span></button>`;
